// Jest Snapshot v1, https://goo.gl/fbAQLP

exports[`TodoItem: should render correctly 1`] = `
<li
  className=""
>
  <div
    className="view"
  >
    <input
      className="toggle"
      onChange={[Function]}
      type="checkbox"
    />
    <label
      onDoubleClick={[Function]}
    />
    <button
      className="destroy"
      onClick={[Function]}
    />
  </div>
  <input
    className="edit"
    onBlur={[Function]}
    onChange={[Function]}
    onKeyDown={[Function]}
    value=""
  />
</li>
`;
